// Jest Snapshot v1, https://goo.gl/fbAQLP

exports[`renders correctly 1`] = `
<View
  style={
    [
      {
        "backgroundColor": "blue",
        "flexBasis": 0,
        "flexGrow": 1,
        "flexShrink": 1,
      },
      {
        "backgroundColor": "#ef4444",
      },
    ]
  }
>
  <Text
    style={
      [
        {
          "color": "#22c55e",
        },
        {
          "flexBasis": "0%",
          "flexGrow": 1,
          "flexShrink": 1,
        },
      ]
    }
  >
    Tai here
  </Text>
</View>
`;
